kotlin version: 2.4.10
error message: java.lang.RuntimeException: Exception while generating code for:
FUN name:SettingsScreen visibility:public modality:FINAL returnType:kotlin.Unit
  annotations:
    OptIn(markerClass = [ExperimentalMaterial3Api::class] type=kotlin.Array<out kotlin.reflect.KClass<out kotlin.Annotation>> varargElementType=kotlin.reflect.KClass<out kotlin.Annotation>)
    Composable
  BLOCK_BODY
    VAR name:context type:android.content.Context [val]
      CALL 'public final fun <get-current> (): T of androidx.compose.runtime.CompositionLocal [inline] declared in androidx.compose.runtime.CompositionLocal' type=android.content.Context origin=GET_PROPERTY
        ARG <this>: TYPE_OP type=androidx.compose.runtime.CompositionLocal<T of androidx.compose.runtime.CompositionLocal> origin=IMPLICIT_CAST typeOperand=androidx.compose.runtime.CompositionLocal<T of androidx.compose.runtime.CompositionLocal>
          CALL 'public final fun <get-LocalContext> (): androidx.compose.runtime.ProvidableCompositionLocal<android.content.Context> declared in androidx.compose.ui.platform.AndroidCompositionLocals_androidKt' type=androidx.compose.runtime.ProvidableCompositionLocal<android.content.Context> origin=GET_PROPERTY
    VAR name:settings type:com.tuusuario.hfmanager.data.SettingsManager [val]
      CALL 'public final fun remember <T> (calculation: @[DisallowComposableCalls] kotlin.Function0<T of androidx.compose.runtime.ComposablesKt.remember>): T of androidx.compose.runtime.ComposablesKt.remember [inline] declared in androidx.compose.runtime.ComposablesKt' type=com.tuusuario.hfmanager.data.SettingsManager origin=null
        TYPE_ARG T: com.tuusuario.hfmanager.data.SettingsManager
        ARG calculation: RICH_FUNCTION_REFERENCE type=kotlin.Function0<com.tuusuario.hfmanager.data.SettingsManager> origin=INLINE_LAMBDA reflectionTarget='null'
          overriddenFunctionSymbol: public abstract fun invoke (): R of kotlin.Function0 [operator] declared in kotlin.Function0
          bound $context: GET_VAR 'val context: android.content.Context [val] declared in com.tuusuario.hfmanager.ui.SettingsScreenKt.SettingsScreen' type=android.content.Context origin=null
          invoke: FUN INLINE_LAMBDA name:SettingsScreen$lambda$0 visibility:private modality:FINAL returnType:com.tuusuario.hfmanager.data.SettingsManager
            VALUE_PARAMETER BOUND_VALUE_PARAMETER kind:Regular name:$context index:0 type:android.content.Context
            BLOCK_BODY
              VAR name:$i$a$-remember-SettingsScreenKt$SettingsScreen$settings$1 type:kotlin.Int [val]
                CONST Int type=kotlin.Int value=0
              RETURN type=kotlin.Nothing from='private final fun SettingsScreen$lambda$0 ($context: android.content.Context): com.tuusuario.hfmanager.data.SettingsManager declared in com.tuusuario.hfmanager.ui.SettingsScreenKt.SettingsScreen'
                CONSTRUCTOR_CALL 'public constructor <init> (context: android.content.Context) [primary] declared in com.tuusuario.hfmanager.data.SettingsManager' type=com.tuusuario.hfmanager.data.SettingsManager origin=null
                  ARG context: GET_VAR '$context: android.content.Context declared in com.tuusuario.hfmanager.ui.SettingsScreenKt.SettingsScreen.SettingsScreen$lambda$0' type=android.content.Context origin=null
    VAR PROPERTY_DELEGATE name:selectedTab$delegate type:androidx.compose.runtime.MutableIntState [val]
      CALL 'public final fun remember <T> (calculation: @[DisallowComposableCalls] kotlin.Function0<T of androidx.compose.runtime.ComposablesKt.remember>): T of androidx.compose.runtime.ComposablesKt.remember [inline] declared in androidx.compose.runtime.ComposablesKt' type=androidx.compose.runtime.MutableIntState origin=null
        TYPE_ARG T: androidx.compose.runtime.MutableIntState
        ARG calculation: RICH_FUNCTION_REFERENCE type=kotlin.Function0<androidx.compose.runtime.MutableIntState> origin=INLINE_LAMBDA reflectionTarget='null'
          overriddenFunctionSymbol: public abstract fun invoke (): R of kotlin.Function0 [operator] declared in kotlin.Function0
          invoke: FUN INLINE_LAMBDA name:SettingsScreen$lambda$1 visibility:private modality:FINAL returnType:androidx.compose.runtime.MutableIntState
            BLOCK_BODY
              VAR name:$i$a$-remember-SettingsScreenKt$SettingsScreen$selectedTab$2 type:kotlin.Int [val]
                CONST Int type=kotlin.Int value=0
              RETURN type=kotlin.Nothing from='private final fun SettingsScreen$lambda$1 (): androidx.compose.runtime.MutableIntState declared in com.tuusuario.hfmanager.ui.SettingsScreenKt.SettingsScreen'
                CALL 'public final fun mutableIntStateOf (value: kotlin.Int): androidx.compose.runtime.MutableIntState declared in androidx.compose.runtime.SnapshotIntStateKt' type=androidx.compose.runtime.MutableIntState origin=null
                  ARG value: CONST Int type=kotlin.Int value=0
    VAR name:pulseTransition type:androidx.compose.animation.core.InfiniteTransition [val]
      CALL 'public final fun rememberInfiniteTransition (label: kotlin.String): androidx.compose.animation.core.InfiniteTransition declared in androidx.compose.animation.core.InfiniteTransitionKt' type=androidx.compose.animation.core.InfiniteTransition origin=null
        ARG label: CONST String type=kotlin.String value="pulse"
    VAR PROPERTY_DELEGATE name:borderAlpha$delegate type:androidx.compose.runtime.State<kotlin.Float> [val]
      CALL 'public final fun animateFloat (<this>: androidx.compose.animation.core.InfiniteTransition, initialValue: kotlin.Float, targetValue: kotlin.Float, animationSpec: androidx.compose.animation.core.InfiniteRepeatableSpec<kotlin.Float>, label: kotlin.String): androidx.compose.runtime.State<kotlin.Float> declared in androidx.compose.animation.core.InfiniteTransitionKt' type=androidx.compose.runtime.State<kotlin.Float> origin=null
        ARG <this>: GET_VAR 'val pulseTransition: androidx.compose.animation.core.InfiniteTransition [val] declared in com.tuusuario.hfmanager.ui.SettingsScreenKt.SettingsScreen' type=androidx.compose.animation.core.InfiniteTransition origin=null
        ARG initialValue: CONST Float type=kotlin.Float value=0.3
        ARG targetValue: CONST Float type=kotlin.Float value=0.8
        ARG animationSpec: TYPE_OP type=androidx.compose.animation.core.InfiniteRepeatableSpec<kotlin.Float> origin=IMPLICIT_CAST typeOperand=androidx.compose.animation.core.InfiniteRepeatableSpec<kotlin.Float>
          CALL 'public final fun infiniteRepeatable-9IiC70o$default <T> (animation: androidx.compose.animation.core.DurationBasedAnimationSpec<T of androidx.compose.animation.core.AnimationSpecKt.infiniteRepeatable-9IiC70o$default>, repeatMode: androidx.compose.animation.core.RepeatMode?, initialStartOffset: androidx.compose.animation.core.StartOffset, $mask0: kotlin.Int, $handler: kotlin.Any?): androidx.compose.animation.core.InfiniteRepeatableSpec<T of androidx.compose.animation.core.AnimationSpecKt.infiniteRepeatable> declared in androidx.compose.animation.core.AnimationSpecKt' type=androidx.compose.animation.core.InfiniteRepeatableSpec<T of androidx.compose.animation.core.AnimationSpecKt.infiniteRepeatable> origin=DEFAULT_DISPATCH_CALL
            TYPE_ARG T: kotlin.Float
            ARG animation: TYPE_OP type=androidx.compose.animation.core.TweenSpec<kotlin.Float> origin=IMPLICIT_CAST typeOperand=androidx.compose.animation.core.TweenSpec<kotlin.Float>
              CALL 'public final fun tween$default <T> (durationMillis: kotlin.Int, delayMillis: kotlin.Int, easing: androidx.compose.animation.core.Easing?, $mask0: kotlin.Int, $handler: kotlin.Any?): androidx.compose.animation.core.TweenSpec<T of androidx.compose.animation.core.AnimationSpecKt.tween$default> declared in androidx.compose.animation.core.AnimationSpecKt' type=androidx.compose.animation.core.TweenSpec<T of androidx.compose.animation.core.AnimationSpecKt.tween$default> origin=DEFAULT_DISPATCH_CALL
                TYPE_ARG T: kotlin.Float
                ARG durationMillis: CONST Int type=kotlin.Int value=2000
                ARG delayMillis: COMPOSITE type=kotlin.Int origin=DEFAULT_VALUE
                  CONST Int type=kotlin.Int value=0
                ARG easing: CALL 'public final fun <get-LinearEasing> (): androidx.compose.animation.core.Easing declared in androidx.compose.animation.core.EasingKt' type=androidx.compose.animation.core.Easing origin=GET_PROPERTY
                ARG $mask0: CONST Int type=kotlin.Int value=2
                ARG $handler: CONST Null type=kotlin.Any? value=null
            ARG repeatMode: GET_FIELD 'FIELD FIELD_FOR_ENUM_ENTRY name:Reverse type:androidx.compose.animation.core.RepeatMode visibility:public [final,static] declared in androidx.compose.animation.core.RepeatMode' type=androidx.compose.animation.core.RepeatMode origin=null
            ARG initialStartOffset: COMPOSITE type=androidx.compose.animation.core.StartOffset origin=DEFAULT_VALUE
              CALL 'public final fun <unsafe-coerce> <T, R> (v: T of kotlin.jvm.internal.<unsafe-coerce>): R of kotlin.jvm.internal.<unsafe-coerce> declared in kotlin.jvm.internal' type=androidx.compose.animation.core.StartOffset origin=null
                TYPE_ARG T: kotlin.Long
                TYPE_ARG R: androidx.compose.animation.core.StartOffset
                ARG v: CONST Long type=kotlin.Long value=0
            ARG $mask0: CONST Int type=kotlin.Int value=4
            ARG $handler: CONST Null type=kotlin.Any? value=null
        ARG label: CONST String type=kotlin.String value="pulseAlpha"
    CALL 'public final fun Scaffold-QMVK-b8$default (modifier: androidx.compose.ui.Modifier?, topBar: @[Composable] kotlin.Function0<kotlin.Unit>?, bottomBar: @[Composable] kotlin.Function0<kotlin.Unit>?, snackbarHost: @[Composable] kotlin.Function0<kotlin.Unit>?, floatingActionButton: @[Composable] kotlin.Function0<kotlin.Unit>?, floatingActionButtonPosition: androidx.compose.material3.FabPosition, containerColor: androidx.compose.ui.graphics.Color, contentColor: androidx.compose.ui.graphics.Color, contentWindowInsets: androidx.compose.foundation.layout.WindowInsets?, content: @[Composable] kotlin.Function1<androidx.compose.foundation.layout.PaddingValues, kotlin.Unit>, $mask0: kotlin.Int, $handler: kotlin.Any?): kotlin.Unit declared in androidx.compose.material3.ScaffoldKt' type=kotlin.Unit origin=DEFAULT_DISPATCH_CALL
      ARG modifier: COMPOSITE type=androidx.compose.ui.Modifier? origin=DEFAULT_VALUE
        CONST Null type=androidx.compose.ui.Modifier? value=null
      ARG topBar: CALL 'public final fun <jvm-indy> <T> (dynamicCall: T of kotlin.jvm.internal.<jvm-indy>, bootstrapMethodHandle: kotlin.Any, vararg bootstrapMethodArguments: kotlin.Any): T of kotlin.jvm.internal.<jvm-indy> declared in kotlin.jvm.internal' type=kotlin.Function0<kotlin.Unit> origin=null
        TYPE_ARG T: kotlin.Function0<kotlin.Unit>
        ARG dynamicCall: CALL 'public final fun invoke (): kotlin.Function0<kotlin.Unit> declared in kotlin.jvm.internal.invokeDynamic' type=kotlin.Function0<kotlin.Unit> origin=null
        ARG bootstrapMethodHandle: CALL 'public final fun <jvm-method-handle> (tag: kotlin.Int, owner: kotlin.String, name: kotlin.String, descriptor: kotlin.String, isInterface: kotlin.Boolean): kotlin.Any declared in kotlin.jvm.internal' type=kotlin.Any origin=null
          ARG tag: CONST Int type=kotlin.Int value=6
          ARG owner: CONST String type=kotlin.String value="java/lang/invoke/LambdaMetafactory"
          ARG name: CONST String type=kotlin.String value="metafactory"
          ARG descriptor: CONST String type=kotlin.String value="(Ljava/lang/invoke/MethodHandles$Lookup;Ljava/lang/String;Ljava/lang/invoke/MethodType;Ljava/lang/invoke/MethodType;Ljava/lang/invoke/MethodHandle;Ljava/lang/invoke/MethodType;)Ljava/lang/invoke/CallSite;"
          ARG isInterface: CONST Boolean type=kotlin.Boolean value=false
        ARG bootstrapMethodArguments: VARARG type=kotlin.Array<kotlin.Any> varargElementType=kotlin.Any
          CALL 'public final fun <jvm-original-method-type> (method: kotlin.Any): kotlin.Any declared in kotlin.jvm.internal' type=kotlin.Any origin=null
            ARG method: RAW_FUNCTION_REFERENCE 'public abstract fun invoke (): R of kotlin.Function0 [operator] declared in kotlin.Function0' type=kotlin.Any
          RAW_FUNCTION_REFERENCE 'private final fun SettingsScreen$lambda$5 (): kotlin.Unit? declared in com.tuusuario.hfmanager.ui.SettingsScreenKt' type=kotlin.Any
          CALL 'public final fun <jvm-original-method-type> (method: kotlin.Any): kotlin.Any declared in kotlin.jvm.internal' type=kotlin.Any origin=null
            ARG method: RAW_FUNCTION_REFERENCE 'public abstract fun invoke (): kotlin.Unit? [fake_override,operator] declared in kotlin.jvm.internal.invokeDynamic.<fake>' type=kotlin.Any
      ARG bottomBar: COMPOSITE type=@[Composable] kotlin.Function0<kotlin.Unit>? origin=DEFAULT_VALUE
        CONST Null type=@[Composable] kotlin.Function0<kotlin.Unit>? value=null
      ARG snackbarHost: COMPOSITE type=@[Composable] kotlin.Function0<kotlin.Unit>? origin=DEFAULT_VALUE
        CONST Null type=@[Composable] kotlin.Function0<kotlin.Unit>? value=null
      ARG floatingActionButton: COMPOSITE type=@[Composable] kotlin.Function0<kotlin.Unit>? origin=DEFAULT_VALUE
        CONST Null type=@[Composable] kotlin.Function0<kotlin.Unit>? value=null
      ARG floatingActionButtonPosition: COMPOSITE type=androidx.compose.material3.FabPosition origin=DEFAULT_VALUE
        CALL 'public final fun <unsafe-coerce> <T, R> (v: T of kotlin.jvm.internal.<unsafe-coerce>): R of kotlin.jvm.internal.<unsafe-coerce> declared in kotlin.jvm.internal' type=androidx.compose.material3.FabPosition origin=null
          TYPE_ARG T: kotlin.Int
          TYPE_ARG R: androidx.compose.material3.FabPosition
          ARG v: CONST Int type=kotlin.Int value=0
      ARG containerColor: GET_FIELD 'FIELD PROPERTY_BACKING_FIELD name:CyberDarkSpace type:androidx.compose.ui.graphics.Color visibility:private [final,static]' type=androidx.compose.ui.graphics.Color origin=null
      ARG contentColor: COMPOSITE type=androidx.compose.ui.graphics.Color origin=DEFAULT_VALUE
        CALL 'public final fun <unsafe-coerce> <T, R> (v: T of kotlin.jvm.internal.<unsafe-coerce>): R of kotlin.jvm.internal.<unsafe-coerce> declared in kotlin.jvm.internal' type=androidx.compose.ui.graphics.Color origin=null
          TYPE_ARG T: kotlin.Long
          TYPE_ARG R: androidx.compose.ui.graphics.Color
          ARG v: CONST Long type=kotlin.Long value=0
      ARG contentWindowInsets: COMPOSITE type=androidx.compose.foundation.layout.WindowInsets? origin=DEFAULT_VALUE
        CONST Null type=androidx.compose.foundation.layout.WindowInsets? value=null
      ARG content: CALL 'public final fun <jvm-indy> <T> (dynamicCall: T of kotlin.jvm.internal.<jvm-indy>, bootstrapMethodHandle: kotlin.Any, vararg bootstrapMethodArguments: kotlin.Any): T of kotlin.jvm.internal.<jvm-indy> declared in kotlin.jvm.internal' type=kotlin.Function1<androidx.compose.foundation.layout.PaddingValues, kotlin.Unit> origin=null
        TYPE_ARG T: kotlin.Function1<androidx.compose.foundation.layout.PaddingValues, kotlin.Unit>
        ARG dynamicCall: CALL 'public final fun invoke (p0: android.content.Context, p1: com.tuusuario.hfmanager.data.SettingsManager, p2: androidx.compose.runtime.MutableIntState): kotlin.Function1<androidx.compose.foundation.layout.PaddingValues, kotlin.Unit> declared in kotlin.jvm.internal.invokeDynamic' type=kotlin.Function1<androidx.compose.foundation.layout.PaddingValues, kotlin.Unit> origin=null
          ARG p0: GET_VAR 'val context: android.content.Context [val] declared in com.tuusuario.hfmanager.ui.SettingsScreenKt.SettingsScreen' type=android.content.Context origin=null
          ARG p1: GET_VAR 'val settings: com.tuusuario.hfmanager.data.SettingsManager [val] declared in com.tuusuario.hfmanager.ui.SettingsScreenKt.SettingsScreen' type=com.tuusuario.hfmanager.data.SettingsManager origin=null
          ARG p2: GET_VAR 'val selectedTab$delegate: androidx.compose.runtime.MutableIntState [val] declared in com.tuusuario.hfmanager.ui.SettingsScreenKt.SettingsScreen' type=androidx.compose.runtime.MutableIntState origin=null
        ARG bootstrapMethodHandle: CALL 'public final fun <jvm-method-handle> (tag: kotlin.Int, owner: kotlin.String, name: kotlin.String, descriptor: kotlin.String, isInterface: kotlin.Boolean): kotlin.Any declared in kotlin.jvm.internal' type=kotlin.Any origin=null
          ARG tag: CONST Int type=kotlin.Int value=6
          ARG owner: CONST String type=kotlin.String value="java/lang/invoke/LambdaMetafactory"
          ARG name: CONST String type=kotlin.String value="metafactory"
          ARG descriptor: CONST String type=kotlin.String value="(Ljava/lang/invoke/MethodHandles$Lookup;Ljava/lang/String;Ljava/lang/invoke/MethodType;Ljava/lang/invoke/MethodType;Ljava/lang/invoke/MethodHandle;Ljava/lang/invoke/MethodType;)Ljava/lang/invoke/CallSite;"
          ARG isInterface: CONST Boolean type=kotlin.Boolean value=false
        ARG bootstrapMethodArguments: VARARG type=kotlin.Array<kotlin.Any> varargElementType=kotlin.Any
          CALL 'public final fun <jvm-original-method-type> (method: kotlin.Any): kotlin.Any declared in kotlin.jvm.internal' type=kotlin.Any origin=null
            ARG method: RAW_FUNCTION_REFERENCE 'public abstract fun invoke (p1: P1 of kotlin.Function1): R of kotlin.Function1 [operator] declared in kotlin.Function1' type=kotlin.Any
          RAW_FUNCTION_REFERENCE 'private final fun SettingsScreen$lambda$6 ($context: android.content.Context, $settings: com.tuusuario.hfmanager.data.SettingsManager, $selectedTab$delegate: androidx.compose.runtime.MutableIntState, paddingValues: androidx.compose.foundation.layout.PaddingValues): kotlin.Unit? declared in com.tuusuario.hfmanager.ui.SettingsScreenKt' type=kotlin.Any
          CALL 'public final fun <jvm-original-method-type> (method: kotlin.Any): kotlin.Any declared in kotlin.jvm.internal' type=kotlin.Any origin=null
            ARG method: RAW_FUNCTION_REFERENCE 'public abstract fun invoke (p1: androidx.compose.foundation.layout.PaddingValues): kotlin.Unit? [fake_override,operator] declared in kotlin.jvm.internal.invokeDynamic.<fake>' type=kotlin.Any
      ARG $mask0: CONST Int type=kotlin.Int value=445
      ARG $handler: CONST Null type=kotlin.Any? value=null

	at org.jetbrains.kotlin.backend.jvm.codegen.FunctionCodegen.generate(FunctionCodegen.kt:61)
	at org.jetbrains.kotlin.backend.jvm.codegen.FunctionCodegen.generate$default(FunctionCodegen.kt:54)
	at org.jetbrains.kotlin.backend.jvm.codegen.ClassCodegen.generateMethodNode(ClassCodegen.kt:422)
	at org.jetbrains.kotlin.backend.jvm.codegen.ClassCodegen.generateMethod(ClassCodegen.kt:439)
	at org.jetbrains.kotlin.backend.jvm.codegen.ClassCodegen.generate(ClassCodegen.kt:168)
	at org.jetbrains.kotlin.backend.jvm.JvmIrCodegenFactory.generateFile(JvmIrCodegenFactory.kt:465)
	at org.jetbrains.kotlin.backend.jvm.JvmIrCodegenFactory.invokeCodegen(JvmIrCodegenFactory.kt:431)
	at org.jetbrains.kotlin.cli.jvm.compiler.KotlinToJVMBytecodeCompiler.runCodegen$org_jetbrains_kotlin_cli_jvm(KotlinToJVMBytecodeCompiler.kt:387)
	at org.jetbrains.kotlin.cli.pipeline.jvm.JvmBackendPipelinePhase.executePhase(JvmBackendPipelinePhase.kt:91)
	at org.jetbrains.kotlin.cli.pipeline.jvm.JvmBackendPipelinePhase.executePhase(JvmBackendPipelinePhase.kt:28)
	at org.jetbrains.kotlin.cli.pipeline.PipelinePhase.phaseBody(PipelinePhase.kt:63)
	at org.jetbrains.kotlin.cli.pipeline.PipelinePhase.phaseBody(PipelinePhase.kt:53)
	at org.jetbrains.kotlin.config.phaser.NamedCompilerPhase.invoke(CompilerPhase.kt:102)
	at org.jetbrains.kotlin.backend.common.phaser.CompositePhase.invoke(PhaseBuilders.kt:22)
	at org.jetbrains.kotlin.config.phaser.CompilerPhaseKt.invokeToplevel(CompilerPhase.kt:53)
	at org.jetbrains.kotlin.cli.pipeline.AbstractCliPipeline.runPhasedPipeline(AbstractCliPipeline.kt:135)
	at org.jetbrains.kotlin.cli.pipeline.AbstractCliPipeline.executeAndReturnPipeLineArtifact(AbstractCliPipeline.kt:89)
	at org.jetbrains.kotlin.cli.pipeline.AbstractCliPipeline.executeAndReturnPipeLineArtifact$default(AbstractCliPipeline.kt:49)
	at org.jetbrains.kotlin.cli.pipeline.AbstractCliPipeline.execute(AbstractCliPipeline.kt:40)
	at org.jetbrains.kotlin.cli.jvm.K2JVMCompiler.doExecutePhased(K2JVMCompiler.kt:54)
	at org.jetbrains.kotlin.cli.jvm.K2JVMCompiler.doExecutePhased(K2JVMCompiler.kt:45)
	at org.jetbrains.kotlin.cli.common.CLICompiler.execImpl(CLICompiler.kt:94)
	at org.jetbrains.kotlin.cli.common.CLICompiler.exec(CLICompiler.kt:366)
	at org.jetbrains.kotlin.incremental.IncrementalJvmCompilerRunnerBase.runCompiler(IncrementalJvmCompilerRunnerBase.kt:211)
	at org.jetbrains.kotlin.incremental.IncrementalJvmCompilerRunnerBase.runCompiler(IncrementalJvmCompilerRunnerBase.kt:53)
	at org.jetbrains.kotlin.incremental.IncrementalCompilerRunner.doCompile(IncrementalCompilerRunner.kt:539)
	at org.jetbrains.kotlin.incremental.IncrementalCompilerRunner.compileImpl(IncrementalCompilerRunner.kt:451)
	at org.jetbrains.kotlin.incremental.IncrementalCompilerRunner.compileNonIncrementally(IncrementalCompilerRunner.kt:327)
	at org.jetbrains.kotlin.incremental.IncrementalCompilerRunner.compile(IncrementalCompilerRunner.kt:139)
	at org.jetbrains.kotlin.daemon.CompileServiceImplBase.execIncrementalCompiler(CompileServiceImpl.kt:782)
	at org.jetbrains.kotlin.daemon.CompileServiceImplBase.access$execIncrementalCompiler(CompileServiceImpl.kt:108)
	at org.jetbrains.kotlin.daemon.CompileServiceImpl.compile(CompileServiceImpl.kt:2046)
	at java.base/jdk.internal.reflect.DirectMethodHandleAccessor.invoke(Unknown Source)
	at java.base/java.lang.reflect.Method.invoke(Unknown Source)
	at java.rmi/sun.rmi.server.UnicastServerRef.dispatch(Unknown Source)
	at java.rmi/sun.rmi.transport.Transport$1.run(Unknown Source)
	at java.rmi/sun.rmi.transport.Transport$1.run(Unknown Source)
	at java.base/java.security.AccessController.doPrivileged(Unknown Source)
	at java.rmi/sun.rmi.transport.Transport.serviceCall(Unknown Source)
	at java.rmi/sun.rmi.transport.tcp.TCPTransport.handleMessages(Unknown Source)
	at java.rmi/sun.rmi.transport.tcp.TCPTransport$ConnectionHandler.run0(Unknown Source)
	at java.rmi/sun.rmi.transport.tcp.TCPTransport$ConnectionHandler.lambda$run$0(Unknown Source)
	at java.base/java.security.AccessController.doPrivileged(Unknown Source)
	at java.rmi/sun.rmi.transport.tcp.TCPTransport$ConnectionHandler.run(Unknown Source)
	at java.base/java.util.concurrent.ThreadPoolExecutor.runWorker(Unknown Source)
	at java.base/java.util.concurrent.ThreadPoolExecutor$Worker.run(Unknown Source)
	at java.base/java.lang.Thread.run(Unknown Source)
Caused by: org.jetbrains.kotlin.codegen.CompilationException: Back-end (JVM) Internal error: Couldn't inline method call: CALL 'public final fun <get-current> (): T of androidx.compose.runtime.CompositionLocal [inline] declared in androidx.compose.runtime.CompositionLocal' type=android.content.Context origin=GET_PROPERTY
Method: null
File is unknown
The root cause java.lang.IllegalStateException was thrown at: org.jetbrains.kotlin.codegen.inline.SourceCompilerForInlineKt.getMethodNode(SourceCompilerForInline.kt:129)
	at org.jetbrains.kotlin.backend.jvm.codegen.IrInlineCodegen.genInlineCall(IrInlineCodegen.kt:85)
	at org.jetbrains.kotlin.backend.jvm.codegen.IrInlineCallGenerator.genCall(IrInlineCallGenerator.kt:36)
	at org.jetbrains.kotlin.backend.jvm.codegen.ExpressionCodegen.visitCall(ExpressionCodegen.kt:579)
	at org.jetbrains.kotlin.backend.jvm.codegen.ExpressionCodegen.visitCall(ExpressionCodegen.kt:141)
	at org.jetbrains.kotlin.ir.expressions.IrCall.accept(IrCall.kt:24)
	at org.jetbrains.kotlin.backend.jvm.codegen.ExpressionCodegen.visitVariable(ExpressionCodegen.kt:725)
	at org.jetbrains.kotlin.backend.jvm.codegen.ExpressionCodegen.visitVariable(ExpressionCodegen.kt:141)
	at org.jetbrains.kotlin.ir.declarations.IrVariable.accept(IrVariable.kt:36)
	at org.jetbrains.kotlin.backend.jvm.codegen.ExpressionCodegen.visitStatementContainer(ExpressionCodegen.kt:492)
	at org.jetbrains.kotlin.backend.jvm.codegen.ExpressionCodegen.visitBlockBody(ExpressionCodegen.kt:497)
	at org.jetbrains.kotlin.backend.jvm.codegen.ExpressionCodegen.visitBlockBody(ExpressionCodegen.kt:141)
	at org.jetbrains.kotlin.ir.expressions.IrBlockBody.accept(IrBlockBody.kt:20)
	at org.jetbrains.kotlin.backend.jvm.codegen.ExpressionCodegen.generate(ExpressionCodegen.kt:234)
	at org.jetbrains.kotlin.backend.jvm.codegen.FunctionCodegen.doGenerate(FunctionCodegen.kt:134)
	at org.jetbrains.kotlin.backend.jvm.codegen.FunctionCodegen.generate(FunctionCodegen.kt:58)
	... 46 more
Caused by: java.lang.IllegalStateException: couldn't find inline method Landroidx/compose/runtime/CompositionLocal;.getCurrent()Ljava/lang/Object;
	at org.jetbrains.kotlin.codegen.inline.SourceCompilerForInlineKt.getMethodNode(SourceCompilerForInline.kt:129)
	at org.jetbrains.kotlin.codegen.inline.SourceCompilerForInlineKt.loadCompiledInlineFunction$lambda$0(SourceCompilerForInline.kt:98)
	at org.jetbrains.kotlin.codegen.inline.InlineCache.computeMethodBytes(InlineCache.kt:90)
	at org.jetbrains.kotlin.codegen.inline.SourceCompilerForInlineKt.loadCompiledInlineFunction(SourceCompilerForInline.kt:93)
	at org.jetbrains.kotlin.backend.jvm.codegen.IrSourceCompilerForInline.compileInlineFunction(IrSourceCompilerForInline.kt:96)
	at org.jetbrains.kotlin.backend.jvm.codegen.IrInlineCodegen.genInlineCall(IrInlineCodegen.kt:68)
	... 60 more


error message: java.lang.RuntimeException: Exception while generating code for:
FUN name:SettingsScreen visibility:public modality:FINAL returnType:kotlin.Unit
  annotations:
    OptIn(markerClass = [ExperimentalMaterial3Api::class] type=kotlin.Array<out kotlin.reflect.KClass<out kotlin.Annotation>> varargElementType=kotlin.reflect.KClass<out kotlin.Annotation>)
    Composable
  BLOCK_BODY
    VAR name:context type:android.content.Context [val]
      CALL 'public final fun <get-current> (): T of androidx.compose.runtime.CompositionLocal [inline] declared in androidx.compose.runtime.CompositionLocal' type=android.content.Context origin=GET_PROPERTY
        ARG <this>: TYPE_OP type=androidx.compose.runtime.CompositionLocal<T of androidx.compose.runtime.CompositionLocal> origin=IMPLICIT_CAST typeOperand=androidx.compose.runtime.CompositionLocal<T of androidx.compose.runtime.CompositionLocal>
          CALL 'public final fun <get-LocalContext> (): androidx.compose.runtime.ProvidableCompositionLocal<android.content.Context> declared in androidx.compose.ui.platform.AndroidCompositionLocals_androidKt' type=androidx.compose.runtime.ProvidableCompositionLocal<android.content.Context> origin=GET_PROPERTY
    VAR name:settings type:com.tuusuario.hfmanager.data.SettingsManager [val]
      CALL 'public final fun remember <T> (calculation: @[DisallowComposableCalls] kotlin.Function0<T of androidx.compose.runtime.ComposablesKt.remember>): T of androidx.compose.runtime.ComposablesKt.remember [inline] declared in androidx.compose.runtime.ComposablesKt' type=com.tuusuario.hfmanager.data.SettingsManager origin=null
        TYPE_ARG T: com.tuusuario.hfmanager.data.SettingsManager
        ARG calculation: RICH_FUNCTION_REFERENCE type=kotlin.Function0<com.tuusuario.hfmanager.data.SettingsManager> origin=INLINE_LAMBDA reflectionTarget='null'
          overriddenFunctionSymbol: public abstract fun invoke (): R of kotlin.Function0 [operator] declared in kotlin.Function0
          bound $context: GET_VAR 'val context: android.content.Context [val] declared in com.tuusuario.hfmanager.ui.SettingsScreenKt.SettingsScreen' type=android.content.Context origin=null
          invoke: FUN INLINE_LAMBDA name:SettingsScreen$lambda$0 visibility:private modality:FINAL returnType:com.tuusuario.hfmanager.data.SettingsManager
            VALUE_PARAMETER BOUND_VALUE_PARAMETER kind:Regular name:$context index:0 type:android.content.Context
            BLOCK_BODY
              VAR name:$i$a$-remember-SettingsScreenKt$SettingsScreen$settings$1 type:kotlin.Int [val]
                CONST Int type=kotlin.Int value=0
              RETURN type=kotlin.Nothing from='private final fun SettingsScreen$lambda$0 ($context: android.content.Context): com.tuusuario.hfmanager.data.SettingsManager declared in com.tuusuario.hfmanager.ui.SettingsScreenKt.SettingsScreen'
                CONSTRUCTOR_CALL 'public constructor <init> (context: android.content.Context) [primary] declared in com.tuusuario.hfmanager.data.SettingsManager' type=com.tuusuario.hfmanager.data.SettingsManager origin=null
                  ARG context: GET_VAR '$context: android.content.Context declared in com.tuusuario.hfmanager.ui.SettingsScreenKt.SettingsScreen.SettingsScreen$lambda$0' type=android.content.Context origin=null
    VAR PROPERTY_DELEGATE name:selectedTab$delegate type:androidx.compose.runtime.MutableIntState [val]
      CALL 'public final fun remember <T> (calculation: @[DisallowComposableCalls] kotlin.Function0<T of androidx.compose.runtime.ComposablesKt.remember>): T of androidx.compose.runtime.ComposablesKt.remember [inline] declared in androidx.compose.runtime.ComposablesKt' type=androidx.compose.runtime.MutableIntState origin=null
        TYPE_ARG T: androidx.compose.runtime.MutableIntState
        ARG calculation: RICH_FUNCTION_REFERENCE type=kotlin.Function0<androidx.compose.runtime.MutableIntState> origin=INLINE_LAMBDA reflectionTarget='null'
          overriddenFunctionSymbol: public abstract fun invoke (): R of kotlin.Function0 [operator] declared in kotlin.Function0
          invoke: FUN INLINE_LAMBDA name:SettingsScreen$lambda$1 visibility:private modality:FINAL returnType:androidx.compose.runtime.MutableIntState
            BLOCK_BODY
              VAR name:$i$a$-remember-SettingsScreenKt$SettingsScreen$selectedTab$2 type:kotlin.Int [val]
                CONST Int type=kotlin.Int value=0
              RETURN type=kotlin.Nothing from='private final fun SettingsScreen$lambda$1 (): androidx.compose.runtime.MutableIntState declared in com.tuusuario.hfmanager.ui.SettingsScreenKt.SettingsScreen'
                CALL 'public final fun mutableIntStateOf (value: kotlin.Int): androidx.compose.runtime.MutableIntState declared in androidx.compose.runtime.SnapshotIntStateKt' type=androidx.compose.runtime.MutableIntState origin=null
                  ARG value: CONST Int type=kotlin.Int value=0
    VAR name:pulseTransition type:androidx.compose.animation.core.InfiniteTransition [val]
      CALL 'public final fun rememberInfiniteTransition (label: kotlin.String): androidx.compose.animation.core.InfiniteTransition declared in androidx.compose.animation.core.InfiniteTransitionKt' type=androidx.compose.animation.core.InfiniteTransition origin=null
        ARG label: CONST String type=kotlin.String value="pulse"
    VAR PROPERTY_DELEGATE name:borderAlpha$delegate type:androidx.compose.runtime.State<kotlin.Float> [val]
      CALL 'public final fun animateFloat (<this>: androidx.compose.animation.core.InfiniteTransition, initialValue: kotlin.Float, targetValue: kotlin.Float, animationSpec: androidx.compose.animation.core.InfiniteRepeatableSpec<kotlin.Float>, label: kotlin.String): androidx.compose.runtime.State<kotlin.Float> declared in androidx.compose.animation.core.InfiniteTransitionKt' type=androidx.compose.runtime.State<kotlin.Float> origin=null
        ARG <this>: GET_VAR 'val pulseTransition: androidx.compose.animation.core.InfiniteTransition [val] declared in com.tuusuario.hfmanager.ui.SettingsScreenKt.SettingsScreen' type=androidx.compose.animation.core.InfiniteTransition origin=null
        ARG initialValue: CONST Float type=kotlin.Float value=0.3
        ARG targetValue: CONST Float type=kotlin.Float value=0.8
        ARG animationSpec: TYPE_OP type=androidx.compose.animation.core.InfiniteRepeatableSpec<kotlin.Float> origin=IMPLICIT_CAST typeOperand=androidx.compose.animation.core.InfiniteRepeatableSpec<kotlin.Float>
          CALL 'public final fun infiniteRepeatable-9IiC70o$default <T> (animation: androidx.compose.animation.core.DurationBasedAnimationSpec<T of androidx.compose.animation.core.AnimationSpecKt.infiniteRepeatable-9IiC70o$default>, repeatMode: androidx.compose.animation.core.RepeatMode?, initialStartOffset: androidx.compose.animation.core.StartOffset, $mask0: kotlin.Int, $handler: kotlin.Any?): androidx.compose.animation.core.InfiniteRepeatableSpec<T of androidx.compose.animation.core.AnimationSpecKt.infiniteRepeatable> declared in androidx.compose.animation.core.AnimationSpecKt' type=androidx.compose.animation.core.InfiniteRepeatableSpec<T of androidx.compose.animation.core.AnimationSpecKt.infiniteRepeatable> origin=DEFAULT_DISPATCH_CALL
            TYPE_ARG T: kotlin.Float
            ARG animation: TYPE_OP type=androidx.compose.animation.core.TweenSpec<kotlin.Float> origin=IMPLICIT_CAST typeOperand=androidx.compose.animation.core.TweenSpec<kotlin.Float>
              CALL 'public final fun tween$default <T> (durationMillis: kotlin.Int, delayMillis: kotlin.Int, easing: androidx.compose.animation.core.Easing?, $mask0: kotlin.Int, $handler: kotlin.Any?): androidx.compose.animation.core.TweenSpec<T of androidx.compose.animation.core.AnimationSpecKt.tween$default> declared in androidx.compose.animation.core.AnimationSpecKt' type=androidx.compose.animation.core.TweenSpec<T of androidx.compose.animation.core.AnimationSpecKt.tween$default> origin=DEFAULT_DISPATCH_CALL
                TYPE_ARG T: kotlin.Float
                ARG durationMillis: CONST Int type=kotlin.Int value=2000
                ARG delayMillis: COMPOSITE type=kotlin.Int origin=DEFAULT_VALUE
                  CONST Int type=kotlin.Int value=0
                ARG easing: CALL 'public final fun <get-LinearEasing> (): androidx.compose.animation.core.Easing declared in androidx.compose.animation.core.EasingKt' type=androidx.compose.animation.core.Easing origin=GET_PROPERTY
                ARG $mask0: CONST Int type=kotlin.Int value=2
                ARG $handler: CONST Null type=kotlin.Any? value=null
            ARG repeatMode: GET_FIELD 'FIELD FIELD_FOR_ENUM_ENTRY name:Reverse type:androidx.compose.animation.core.RepeatMode visibility:public [final,static] declared in androidx.compose.animation.core.RepeatMode' type=androidx.compose.animation.core.RepeatMode origin=null
            ARG initialStartOffset: COMPOSITE type=androidx.compose.animation.core.StartOffset origin=DEFAULT_VALUE
              CALL 'public final fun <unsafe-coerce> <T, R> (v: T of kotlin.jvm.internal.<unsafe-coerce>): R of kotlin.jvm.internal.<unsafe-coerce> declared in kotlin.jvm.internal' type=androidx.compose.animation.core.StartOffset origin=null
                TYPE_ARG T: kotlin.Long
                TYPE_ARG R: androidx.compose.animation.core.StartOffset
                ARG v: CONST Long type=kotlin.Long value=0
            ARG $mask0: CONST Int type=kotlin.Int value=4
            ARG $handler: CONST Null type=kotlin.Any? value=null
        ARG label: CONST String type=kotlin.String value="pulseAlpha"
    CALL 'public final fun Scaffold-QMVK-b8$default (modifier: androidx.compose.ui.Modifier?, topBar: @[Composable] kotlin.Function0<kotlin.Unit>?, bottomBar: @[Composable] kotlin.Function0<kotlin.Unit>?, snackbarHost: @[Composable] kotlin.Function0<kotlin.Unit>?, floatingActionButton: @[Composable] kotlin.Function0<kotlin.Unit>?, floatingActionButtonPosition: androidx.compose.material3.FabPosition, containerColor: androidx.compose.ui.graphics.Color, contentColor: androidx.compose.ui.graphics.Color, contentWindowInsets: androidx.compose.foundation.layout.WindowInsets?, content: @[Composable] kotlin.Function1<androidx.compose.foundation.layout.PaddingValues, kotlin.Unit>, $mask0: kotlin.Int, $handler: kotlin.Any?): kotlin.Unit declared in androidx.compose.material3.ScaffoldKt' type=kotlin.Unit origin=DEFAULT_DISPATCH_CALL
      ARG modifier: COMPOSITE type=androidx.compose.ui.Modifier? origin=DEFAULT_VALUE
        CONST Null type=androidx.compose.ui.Modifier? value=null
      ARG topBar: CALL 'public final fun <jvm-indy> <T> (dynamicCall: T of kotlin.jvm.internal.<jvm-indy>, bootstrapMethodHandle: kotlin.Any, vararg bootstrapMethodArguments: kotlin.Any): T of kotlin.jvm.internal.<jvm-indy> declared in kotlin.jvm.internal' type=kotlin.Function0<kotlin.Unit> origin=null
        TYPE_ARG T: kotlin.Function0<kotlin.Unit>
        ARG dynamicCall: CALL 'public final fun invoke (): kotlin.Function0<kotlin.Unit> declared in kotlin.jvm.internal.invokeDynamic' type=kotlin.Function0<kotlin.Unit> origin=null
        ARG bootstrapMethodHandle: CALL 'public final fun <jvm-method-handle> (tag: kotlin.Int, owner: kotlin.String, name: kotlin.String, descriptor: kotlin.String, isInterface: kotlin.Boolean): kotlin.Any declared in kotlin.jvm.internal' type=kotlin.Any origin=null
          ARG tag: CONST Int type=kotlin.Int value=6
          ARG owner: CONST String type=kotlin.String value="java/lang/invoke/LambdaMetafactory"
          ARG name: CONST String type=kotlin.String value="metafactory"
          ARG descriptor: CONST String type=kotlin.String value="(Ljava/lang/invoke/MethodHandles$Lookup;Ljava/lang/String;Ljava/lang/invoke/MethodType;Ljava/lang/invoke/MethodType;Ljava/lang/invoke/MethodHandle;Ljava/lang/invoke/MethodType;)Ljava/lang/invoke/CallSite;"
          ARG isInterface: CONST Boolean type=kotlin.Boolean value=false
        ARG bootstrapMethodArguments: VARARG type=kotlin.Array<kotlin.Any> varargElementType=kotlin.Any
          CALL 'public final fun <jvm-original-method-type> (method: kotlin.Any): kotlin.Any declared in kotlin.jvm.internal' type=kotlin.Any origin=null
            ARG method: RAW_FUNCTION_REFERENCE 'public abstract fun invoke (): R of kotlin.Function0 [operator] declared in kotlin.Function0' type=kotlin.Any
          RAW_FUNCTION_REFERENCE 'private final fun SettingsScreen$lambda$5 (): kotlin.Unit? declared in com.tuusuario.hfmanager.ui.SettingsScreenKt' type=kotlin.Any
          CALL 'public final fun <jvm-original-method-type> (method: kotlin.Any): kotlin.Any declared in kotlin.jvm.internal' type=kotlin.Any origin=null
            ARG method: RAW_FUNCTION_REFERENCE 'public abstract fun invoke (): kotlin.Unit? [fake_override,operator] declared in kotlin.jvm.internal.invokeDynamic.<fake>' type=kotlin.Any
      ARG bottomBar: COMPOSITE type=@[Composable] kotlin.Function0<kotlin.Unit>? origin=DEFAULT_VALUE
        CONST Null type=@[Composable] kotlin.Function0<kotlin.Unit>? value=null
      ARG snackbarHost: COMPOSITE type=@[Composable] kotlin.Function0<kotlin.Unit>? origin=DEFAULT_VALUE
        CONST Null type=@[Composable] kotlin.Function0<kotlin.Unit>? value=null
      ARG floatingActionButton: COMPOSITE type=@[Composable] kotlin.Function0<kotlin.Unit>? origin=DEFAULT_VALUE
        CONST Null type=@[Composable] kotlin.Function0<kotlin.Unit>? value=null
      ARG floatingActionButtonPosition: COMPOSITE type=androidx.compose.material3.FabPosition origin=DEFAULT_VALUE
        CALL 'public final fun <unsafe-coerce> <T, R> (v: T of kotlin.jvm.internal.<unsafe-coerce>): R of kotlin.jvm.internal.<unsafe-coerce> declared in kotlin.jvm.internal' type=androidx.compose.material3.FabPosition origin=null
          TYPE_ARG T: kotlin.Int
          TYPE_ARG R: androidx.compose.material3.FabPosition
          ARG v: CONST Int type=kotlin.Int value=0
      ARG containerColor: GET_FIELD 'FIELD PROPERTY_BACKING_FIELD name:CyberDarkSpace type:androidx.compose.ui.graphics.Color visibility:private [final,static]' type=androidx.compose.ui.graphics.Color origin=null
      ARG contentColor: COMPOSITE type=androidx.compose.ui.graphics.Color origin=DEFAULT_VALUE
        CALL 'public final fun <unsafe-coerce> <T, R> (v: T of kotlin.jvm.internal.<unsafe-coerce>): R of kotlin.jvm.internal.<unsafe-coerce> declared in kotlin.jvm.internal' type=androidx.compose.ui.graphics.Color origin=null
          TYPE_ARG T: kotlin.Long
          TYPE_ARG R: androidx.compose.ui.graphics.Color
          ARG v: CONST Long type=kotlin.Long value=0
      ARG contentWindowInsets: COMPOSITE type=androidx.compose.foundation.layout.WindowInsets? origin=DEFAULT_VALUE
        CONST Null type=androidx.compose.foundation.layout.WindowInsets? value=null
      ARG content: CALL 'public final fun <jvm-indy> <T> (dynamicCall: T of kotlin.jvm.internal.<jvm-indy>, bootstrapMethodHandle: kotlin.Any, vararg bootstrapMethodArguments: kotlin.Any): T of kotlin.jvm.internal.<jvm-indy> declared in kotlin.jvm.internal' type=kotlin.Function1<androidx.compose.foundation.layout.PaddingValues, kotlin.Unit> origin=null
        TYPE_ARG T: kotlin.Function1<androidx.compose.foundation.layout.PaddingValues, kotlin.Unit>
        ARG dynamicCall: CALL 'public final fun invoke (p0: android.content.Context, p1: com.tuusuario.hfmanager.data.SettingsManager, p2: androidx.compose.runtime.MutableIntState): kotlin.Function1<androidx.compose.foundation.layout.PaddingValues, kotlin.Unit> declared in kotlin.jvm.internal.invokeDynamic' type=kotlin.Function1<androidx.compose.foundation.layout.PaddingValues, kotlin.Unit> origin=null
          ARG p0: GET_VAR 'val context: android.content.Context [val] declared in com.tuusuario.hfmanager.ui.SettingsScreenKt.SettingsScreen' type=android.content.Context origin=null
          ARG p1: GET_VAR 'val settings: com.tuusuario.hfmanager.data.SettingsManager [val] declared in com.tuusuario.hfmanager.ui.SettingsScreenKt.SettingsScreen' type=com.tuusuario.hfmanager.data.SettingsManager origin=null
          ARG p2: GET_VAR 'val selectedTab$delegate: androidx.compose.runtime.MutableIntState [val] declared in com.tuusuario.hfmanager.ui.SettingsScreenKt.SettingsScreen' type=androidx.compose.runtime.MutableIntState origin=null
        ARG bootstrapMethodHandle: CALL 'public final fun <jvm-method-handle> (tag: kotlin.Int, owner: kotlin.String, name: kotlin.String, descriptor: kotlin.String, isInterface: kotlin.Boolean): kotlin.Any declared in kotlin.jvm.internal' type=kotlin.Any origin=null
          ARG tag: CONST Int type=kotlin.Int value=6
          ARG owner: CONST String type=kotlin.String value="java/lang/invoke/LambdaMetafactory"
          ARG name: CONST String type=kotlin.String value="metafactory"
          ARG descriptor: CONST String type=kotlin.String value="(Ljava/lang/invoke/MethodHandles$Lookup;Ljava/lang/String;Ljava/lang/invoke/MethodType;Ljava/lang/invoke/MethodType;Ljava/lang/invoke/MethodHandle;Ljava/lang/invoke/MethodType;)Ljava/lang/invoke/CallSite;"
          ARG isInterface: CONST Boolean type=kotlin.Boolean value=false
        ARG bootstrapMethodArguments: VARARG type=kotlin.Array<kotlin.Any> varargElementType=kotlin.Any
          CALL 'public final fun <jvm-original-method-type> (method: kotlin.Any): kotlin.Any declared in kotlin.jvm.internal' type=kotlin.Any origin=null
            ARG method: RAW_FUNCTION_REFERENCE 'public abstract fun invoke (p1: P1 of kotlin.Function1): R of kotlin.Function1 [operator] declared in kotlin.Function1' type=kotlin.Any
          RAW_FUNCTION_REFERENCE 'private final fun SettingsScreen$lambda$6 ($context: android.content.Context, $settings: com.tuusuario.hfmanager.data.SettingsManager, $selectedTab$delegate: androidx.compose.runtime.MutableIntState, paddingValues: androidx.compose.foundation.layout.PaddingValues): kotlin.Unit? declared in com.tuusuario.hfmanager.ui.SettingsScreenKt' type=kotlin.Any
          CALL 'public final fun <jvm-original-method-type> (method: kotlin.Any): kotlin.Any declared in kotlin.jvm.internal' type=kotlin.Any origin=null
            ARG method: RAW_FUNCTION_REFERENCE 'public abstract fun invoke (p1: androidx.compose.foundation.layout.PaddingValues): kotlin.Unit? [fake_override,operator] declared in kotlin.jvm.internal.invokeDynamic.<fake>' type=kotlin.Any
      ARG $mask0: CONST Int type=kotlin.Int value=445
      ARG $handler: CONST Null type=kotlin.Any? value=null

	at org.jetbrains.kotlin.backend.jvm.codegen.FunctionCodegen.generate(FunctionCodegen.kt:61)
	at org.jetbrains.kotlin.backend.jvm.codegen.FunctionCodegen.generate$default(FunctionCodegen.kt:54)
	at org.jetbrains.kotlin.backend.jvm.codegen.ClassCodegen.generateMethodNode(ClassCodegen.kt:422)
	at org.jetbrains.kotlin.backend.jvm.codegen.ClassCodegen.generateMethod(ClassCodegen.kt:439)
	at org.jetbrains.kotlin.backend.jvm.codegen.ClassCodegen.generate(ClassCodegen.kt:168)
	at org.jetbrains.kotlin.backend.jvm.JvmIrCodegenFactory.generateFile(JvmIrCodegenFactory.kt:465)
	at org.jetbrains.kotlin.backend.jvm.JvmIrCodegenFactory.invokeCodegen(JvmIrCodegenFactory.kt:431)
	at org.jetbrains.kotlin.cli.jvm.compiler.KotlinToJVMBytecodeCompiler.runCodegen$org_jetbrains_kotlin_cli_jvm(KotlinToJVMBytecodeCompiler.kt:387)
	at org.jetbrains.kotlin.cli.pipeline.jvm.JvmBackendPipelinePhase.executePhase(JvmBackendPipelinePhase.kt:91)
	at org.jetbrains.kotlin.cli.pipeline.jvm.JvmBackendPipelinePhase.executePhase(JvmBackendPipelinePhase.kt:28)
	at org.jetbrains.kotlin.cli.pipeline.PipelinePhase.phaseBody(PipelinePhase.kt:63)
	at org.jetbrains.kotlin.cli.pipeline.PipelinePhase.phaseBody(PipelinePhase.kt:53)
	at org.jetbrains.kotlin.config.phaser.NamedCompilerPhase.invoke(CompilerPhase.kt:102)
	at org.jetbrains.kotlin.backend.common.phaser.CompositePhase.invoke(PhaseBuilders.kt:22)
	at org.jetbrains.kotlin.config.phaser.CompilerPhaseKt.invokeToplevel(CompilerPhase.kt:53)
	at org.jetbrains.kotlin.cli.pipeline.AbstractCliPipeline.runPhasedPipeline(AbstractCliPipeline.kt:135)
	at org.jetbrains.kotlin.cli.pipeline.AbstractCliPipeline.executeAndReturnPipeLineArtifact(AbstractCliPipeline.kt:89)
	at org.jetbrains.kotlin.cli.pipeline.AbstractCliPipeline.executeAndReturnPipeLineArtifact$default(AbstractCliPipeline.kt:49)
	at org.jetbrains.kotlin.cli.pipeline.AbstractCliPipeline.execute(AbstractCliPipeline.kt:40)
	at org.jetbrains.kotlin.cli.jvm.K2JVMCompiler.doExecutePhased(K2JVMCompiler.kt:54)
	at org.jetbrains.kotlin.cli.jvm.K2JVMCompiler.doExecutePhased(K2JVMCompiler.kt:45)
	at org.jetbrains.kotlin.cli.common.CLICompiler.execImpl(CLICompiler.kt:94)
	at org.jetbrains.kotlin.cli.common.CLICompiler.exec(CLICompiler.kt:366)
	at org.jetbrains.kotlin.incremental.IncrementalJvmCompilerRunnerBase.runCompiler(IncrementalJvmCompilerRunnerBase.kt:211)
	at org.jetbrains.kotlin.incremental.IncrementalJvmCompilerRunnerBase.runCompiler(IncrementalJvmCompilerRunnerBase.kt:53)
	at org.jetbrains.kotlin.incremental.IncrementalCompilerRunner.doCompile(IncrementalCompilerRunner.kt:539)
	at org.jetbrains.kotlin.incremental.IncrementalCompilerRunner.compileImpl(IncrementalCompilerRunner.kt:451)
	at org.jetbrains.kotlin.incremental.IncrementalCompilerRunner.compileNonIncrementally(IncrementalCompilerRunner.kt:327)
	at org.jetbrains.kotlin.incremental.IncrementalCompilerRunner.compile(IncrementalCompilerRunner.kt:139)
	at org.jetbrains.kotlin.buildtools.internal.jvm.operations.JvmCompilationOperationImpl.compileIncrementallyInProcess(JvmCompilationOperationImpl.kt:289)
	at org.jetbrains.kotlin.buildtools.internal.jvm.operations.JvmCompilationOperationImpl.compileIncrementallyInProcess(JvmCompilationOperationImpl.kt:55)
	at org.jetbrains.kotlin.buildtools.internal.BaseCompilationOperationImpl.compileInProcess(BaseCompilationOperationImpl.kt:261)
	at org.jetbrains.kotlin.buildtools.internal.jvm.operations.JvmCompilationOperationImpl.compileInProcess(JvmCompilationOperationImpl.kt:222)
	at org.jetbrains.kotlin.buildtools.internal.BaseCompilationOperationImpl.executeCancellableImpl(BaseCompilationOperationImpl.kt:88)
	at org.jetbrains.kotlin.buildtools.internal.BaseCompilationOperationImpl.executeCancellableImpl(BaseCompilationOperationImpl.kt:55)
	at org.jetbrains.kotlin.buildtools.internal.CancellableBuildOperationImpl.executeImpl(CancellableBuildOperationImpl.kt:58)
	at org.jetbrains.kotlin.buildtools.internal.BuildOperationImpl.execute(BuildOperationImpl.kt:33)
	at org.jetbrains.kotlin.buildtools.internal.KotlinToolchainsImpl$BuildSessionImpl.executeOperation$lambda$1(KotlinToolchainsImpl.kt:74)
	at java.base/java.util.concurrent.FutureTask.run(Unknown Source)
	at java.base/java.util.concurrent.ThreadPoolExecutor.runWorker(Unknown Source)
	at java.base/java.util.concurrent.ThreadPoolExecutor$Worker.run(Unknown Source)
	at java.base/java.lang.Thread.run(Unknown Source)
Caused by: org.jetbrains.kotlin.codegen.CompilationException: Back-end (JVM) Internal error: Couldn't inline method call: CALL 'public final fun <get-current> (): T of androidx.compose.runtime.CompositionLocal [inline] declared in androidx.compose.runtime.CompositionLocal' type=android.content.Context origin=GET_PROPERTY
Method: null
File is unknown
The root cause java.lang.IllegalStateException was thrown at: org.jetbrains.kotlin.codegen.inline.SourceCompilerForInlineKt.getMethodNode(SourceCompilerForInline.kt:129)
	at org.jetbrains.kotlin.backend.jvm.codegen.IrInlineCodegen.genInlineCall(IrInlineCodegen.kt:85)
	at org.jetbrains.kotlin.backend.jvm.codegen.IrInlineCallGenerator.genCall(IrInlineCallGenerator.kt:36)
	at org.jetbrains.kotlin.backend.jvm.codegen.ExpressionCodegen.visitCall(ExpressionCodegen.kt:579)
	at org.jetbrains.kotlin.backend.jvm.codegen.ExpressionCodegen.visitCall(ExpressionCodegen.kt:141)
	at org.jetbrains.kotlin.ir.expressions.IrCall.accept(IrCall.kt:24)
	at org.jetbrains.kotlin.backend.jvm.codegen.ExpressionCodegen.visitVariable(ExpressionCodegen.kt:725)
	at org.jetbrains.kotlin.backend.jvm.codegen.ExpressionCodegen.visitVariable(ExpressionCodegen.kt:141)
	at org.jetbrains.kotlin.ir.declarations.IrVariable.accept(IrVariable.kt:36)
	at org.jetbrains.kotlin.backend.jvm.codegen.ExpressionCodegen.visitStatementContainer(ExpressionCodegen.kt:492)
	at org.jetbrains.kotlin.backend.jvm.codegen.ExpressionCodegen.visitBlockBody(ExpressionCodegen.kt:497)
	at org.jetbrains.kotlin.backend.jvm.codegen.ExpressionCodegen.visitBlockBody(ExpressionCodegen.kt:141)
	at org.jetbrains.kotlin.ir.expressions.IrBlockBody.accept(IrBlockBody.kt:20)
	at org.jetbrains.kotlin.backend.jvm.codegen.ExpressionCodegen.generate(ExpressionCodegen.kt:234)
	at org.jetbrains.kotlin.backend.jvm.codegen.FunctionCodegen.doGenerate(FunctionCodegen.kt:134)
	at org.jetbrains.kotlin.backend.jvm.codegen.FunctionCodegen.generate(FunctionCodegen.kt:58)
	... 41 more
Caused by: java.lang.IllegalStateException: couldn't find inline method Landroidx/compose/runtime/CompositionLocal;.getCurrent()Ljava/lang/Object;
	at org.jetbrains.kotlin.codegen.inline.SourceCompilerForInlineKt.getMethodNode(SourceCompilerForInline.kt:129)
	at org.jetbrains.kotlin.codegen.inline.SourceCompilerForInlineKt.loadCompiledInlineFunction$lambda$0(SourceCompilerForInline.kt:98)
	at org.jetbrains.kotlin.codegen.inline.InlineCache.computeMethodBytes(InlineCache.kt:90)
	at org.jetbrains.kotlin.codegen.inline.SourceCompilerForInlineKt.loadCompiledInlineFunction(SourceCompilerForInline.kt:93)
	at org.jetbrains.kotlin.backend.jvm.codegen.IrSourceCompilerForInline.compileInlineFunction(IrSourceCompilerForInline.kt:96)
	at org.jetbrains.kotlin.backend.jvm.codegen.IrInlineCodegen.genInlineCall(IrInlineCodegen.kt:68)
	... 55 more


